running egg_info
creating ../../build/robot_demo/robot_demo.egg-info
writing ../../build/robot_demo/robot_demo.egg-info/PKG-INFO
writing dependency_links to ../../build/robot_demo/robot_demo.egg-info/dependency_links.txt
writing entry points to ../../build/robot_demo/robot_demo.egg-info/entry_points.txt
writing requirements to ../../build/robot_demo/robot_demo.egg-info/requires.txt
writing top-level names to ../../build/robot_demo/robot_demo.egg-info/top_level.txt
writing manifest file '../../build/robot_demo/robot_demo.egg-info/SOURCES.txt'
reading manifest file '../../build/robot_demo/robot_demo.egg-info/SOURCES.txt'
writing manifest file '../../build/robot_demo/robot_demo.egg-info/SOURCES.txt'
running build
running build_py
creating /workspace/build/robot_demo/build
creating /workspace/build/robot_demo/build/lib
creating /workspace/build/robot_demo/build/lib/robot_demo
copying robot_demo/robot_publisher.py -> /workspace/build/robot_demo/build/lib/robot_demo
copying robot_demo/__init__.py -> /workspace/build/robot_demo/build/lib/robot_demo
copying robot_demo/robot_listener.py -> /workspace/build/robot_demo/build/lib/robot_demo
running install
running install_lib
creating /workspace/install/robot_demo/lib/python3.12/site-packages/robot_demo
copying /workspace/build/robot_demo/build/lib/robot_demo/robot_publisher.py -> /workspace/install/robot_demo/lib/python3.12/site-packages/robot_demo
copying /workspace/build/robot_demo/build/lib/robot_demo/__init__.py -> /workspace/install/robot_demo/lib/python3.12/site-packages/robot_demo
copying /workspace/build/robot_demo/build/lib/robot_demo/robot_listener.py -> /workspace/install/robot_demo/lib/python3.12/site-packages/robot_demo
byte-compiling /workspace/install/robot_demo/lib/python3.12/site-packages/robot_demo/robot_publisher.py to robot_publisher.cpython-312.pyc
byte-compiling /workspace/install/robot_demo/lib/python3.12/site-packages/robot_demo/__init__.py to __init__.cpython-312.pyc
byte-compiling /workspace/install/robot_demo/lib/python3.12/site-packages/robot_demo/robot_listener.py to robot_listener.cpython-312.pyc
running install_data
creating /workspace/install/robot_demo/share/ament_index
creating /workspace/install/robot_demo/share/ament_index/resource_index
creating /workspace/install/robot_demo/share/ament_index/resource_index/packages
copying resource/robot_demo -> /workspace/install/robot_demo/share/ament_index/resource_index/packages
copying package.xml -> /workspace/install/robot_demo/share/robot_demo
running install_egg_info
Copying ../../build/robot_demo/robot_demo.egg-info to /workspace/install/robot_demo/lib/python3.12/site-packages/robot_demo-0.0.0-py3.12.egg-info
running install_scripts
Installing robot_listener script to /workspace/install/robot_demo/lib/robot_demo
Installing robot_publisher script to /workspace/install/robot_demo/lib/robot_demo
writing list of installed files to '/workspace/build/robot_demo/install.log'
